2026-09-14 09:37:56 [scrapy.middleware] INFO: Enabled downloader middlewares:
['scrapy.downloadermiddlewares.offsite.OffsiteMiddleware',
 'scrapy.downloadermiddlewares.httpauth.HttpAuthMiddleware',
 'scrapy.downloadermiddlewares.downloadtimeout.DownloadTimeoutMiddleware',
 'scrapy.downloadermiddlewares.defaultheaders.DefaultHeadersMiddleware',
 'NodeScrapy.middlewares.RandomUserAgentMiddleware',
 'scrapy.downloadermiddlewares.useragent.UserAgentMiddleware',
 'scrapy.downloadermiddlewares.retry.RetryMiddleware',
 'scrapy.downloadermiddlewares.redirect.MetaRefreshMiddleware',
 'scrapy.downloadermiddlewares.httpcompression.HttpCompressionMiddleware',
 'scrapy.downloadermiddlewares.redirect.RedirectMiddleware',
 'scrapy.downloadermiddlewares.cookies.CookiesMiddleware',
 'scrapy.downloadermiddlewares.httpproxy.HttpProxyMiddleware',
 'scrapy.downloadermiddlewares.stats.DownloaderStats']
2026-09-14 09:37:56 [py.warnings] WARNING: /opt/hostedtoolcache/Python/3.12.14/x64/lib/python3.12/site-packages/scrapy/core/downloader/middleware.py:46: ScrapyDeprecationWarning: RandomUserAgentMiddleware.process_request() requires a spider argument, this is deprecated and the argument will not be passed in future Scrapy versions. If you need to access the spider instance you can save the crawler instance passed to from_crawler() and use its spider attribute.
  self._check_mw_method_spider_arg(mw.process_request)

2026-09-14 09:37:56 [scrapy.middleware] INFO: Enabled spider middlewares:
['scrapy.spidermiddlewares.start.StartSpiderMiddleware',
 'scrapy.spidermiddlewares.httperror.HttpErrorMiddleware',
 'scrapy.spidermiddlewares.referer.RefererMiddleware',
 'scrapy.spidermiddlewares.urllength.UrlLengthMiddleware',
 'scrapy.spidermiddlewares.depth.DepthMiddleware',
 'scrapy.spidermiddlewares.metacopy.MetaCopyDetectionMiddleware']
2026-09-14 09:37:56 [scrapy.middleware] INFO: Enabled item pipelines:
['NodeScrapy.pipelines.Pipeline']
2026-09-14 09:37:56 [py.warnings] WARNING: /opt/hostedtoolcache/Python/3.12.14/x64/lib/python3.12/site-packages/scrapy/pipelines/__init__.py:60: ScrapyDeprecationWarning: Pipeline.open_spider() requires a spider argument, this is deprecated and the argument will not be passed in future Scrapy versions. If you need to access the spider instance you can save the crawler instance passed to from_crawler() and use its spider attribute.
  self._check_mw_method_spider_arg(mw.open_spider)

2026-09-14 09:37:56 [py.warnings] WARNING: /opt/hostedtoolcache/Python/3.12.14/x64/lib/python3.12/site-packages/scrapy/pipelines/__init__.py:63: ScrapyDeprecationWarning: Pipeline.close_spider() requires a spider argument, this is deprecated and the argument will not be passed in future Scrapy versions. If you need to access the spider instance you can save the crawler instance passed to from_crawler() and use its spider attribute.
  self._check_mw_method_spider_arg(mw.close_spider)

2026-09-14 09:37:56 [py.warnings] WARNING: /opt/hostedtoolcache/Python/3.12.14/x64/lib/python3.12/site-packages/scrapy/pipelines/__init__.py:66: ScrapyDeprecationWarning: Pipeline.process_item() requires a spider argument, this is deprecated and the argument will not be passed in future Scrapy versions. If you need to access the spider instance you can save the crawler instance passed to from_crawler() and use its spider attribute.
  self._check_mw_method_spider_arg(mw.process_item)

2026-09-14 09:37:56 [scrapy.core.engine] INFO: Spider opened
2026-09-14 09:37:56 [simple] INFO: Pipeline removed stale nodes/yudou66.txt
2026-09-14 09:37:56 [simple] INFO: Pipeline removed stale nodes/yudou66.yaml
2026-09-14 09:37:56 [simple] INFO: Pipeline removed stale nodes/clashmeta.txt
2026-09-14 09:37:56 [simple] INFO: Pipeline removed stale nodes/clashmeta.yaml
2026-09-14 09:37:56 [simple] INFO: Pipeline removed stale nodes/nodev2ray.txt
2026-09-14 09:37:56 [simple] INFO: Pipeline removed stale nodes/nodev2ray.yaml
2026-09-14 09:37:56 [simple] INFO: Pipeline removed stale nodes/nodefree.txt
2026-09-14 09:37:56 [simple] INFO: Pipeline removed stale nodes/nodefree.yaml
2026-09-14 09:37:56 [simple] INFO: Pipeline removed stale nodes/v2rayshare.txt
2026-09-14 09:37:56 [simple] INFO: Pipeline removed stale nodes/v2rayshare.yaml
2026-09-14 09:37:56 [simple] INFO: Pipeline removed stale nodes/wenode.txt
2026-09-14 09:37:56 [simple] INFO: Pipeline removed stale nodes/wenode.yaml
2026-09-14 09:37:56 [scrapy.extensions.logstats] INFO: Crawled 0 pages (at 0 pages/min), scraped 0 items (at 0 items/min)
2026-09-14 09:37:56 [scrapy.extensions.telnet] INFO: Telnet console listening on 127.0.0.1:6023
2026-09-14 09:37:56 [scrapy.extensions.remote_control] INFO: Remote control HTTP server listening on port 35451 (job 2127-51b80eac9c0044f585c7797ad7438e4f)
2026-09-14 09:37:56 [simple] INFO: yudou66 start
2026-09-14 09:37:56 [simple] INFO: clashmeta start
2026-09-14 09:37:56 [simple] INFO: nodev2ray start
2026-09-14 09:37:56 [simple] INFO: nodefree start
2026-09-14 09:37:56 [simple] INFO: v2rayshare start
2026-09-14 09:37:56 [simple] INFO: wenode start
2026-09-14 09:37:56 [simple] INFO: clashmeta found /free-nodes/latest-clash-meta-node-2026-9-9.htm on 2026-09-09
2026-09-14 09:37:56 [simple] INFO: clashmeta found /free-nodes/latest-clash-meta-node-2026-9-9.htm on 2026-09-09
2026-09-14 09:37:56 [simple] INFO: clashmeta found /free-nodes/2026-9-8-free-subscribe-node.htm on 2026-09-08
2026-09-14 09:37:56 [simple] INFO: clashmeta found /free-nodes/2026-9-8-free-subscribe-node.htm on 2026-09-08
2026-09-14 09:37:56 [simple] INFO: clashmeta found /free-nodes/clash-meta-node-github-2026-9-7.htm on 2026-09-07
2026-09-14 09:37:56 [simple] INFO: clashmeta found /free-nodes/clash-meta-node-github-2026-9-7.htm on 2026-09-07
2026-09-14 09:37:56 [simple] INFO: clashmeta found /free-nodes/2026-9-6-free-clash-meta-node.htm on 2026-09-06
2026-09-14 09:37:56 [simple] INFO: clashmeta found /free-nodes/2026-9-6-free-clash-meta-node.htm on 2026-09-06
2026-09-14 09:37:56 [simple] INFO: clashmeta found /free-nodes/clash-meta-node-github-2026-9-5.htm on 2026-09-05
2026-09-14 09:37:56 [simple] INFO: clashmeta found /free-nodes/clash-meta-node-github-2026-9-5.htm on 2026-09-05
2026-09-14 09:37:56 [simple] INFO: clashmeta found /free-nodes/2026-9-4-clash-meta-github.htm on 2026-09-04
2026-09-14 09:37:56 [simple] INFO: clashmeta found /free-nodes/2026-9-4-clash-meta-github.htm on 2026-09-04
2026-09-14 09:37:56 [simple] INFO: clashmeta found /free-nodes/clash-meta-node-github-2026-9-3.htm on 2026-09-03
2026-09-14 09:37:56 [simple] INFO: clashmeta found /free-nodes/clash-meta-node-github-2026-9-3.htm on 2026-09-03
2026-09-14 09:37:56 [simple] INFO: clashmeta found /free-nodes/2026-9-2-clash-meta-github.htm on 2026-09-02
2026-09-14 09:37:56 [simple] INFO: clashmeta found /free-nodes/2026-9-2-clash-meta-github.htm on 2026-09-02
2026-09-14 09:37:56 [simple] INFO: clashmeta found /free-nodes/node-share-links-2026-9-1.htm on 2026-09-01
2026-09-14 09:37:56 [simple] INFO: clashmeta found /free-nodes/node-share-links-2026-9-1.htm on 2026-09-01
2026-09-14 09:37:56 [simple] INFO: clashmeta found /free-nodes/clash-meta-windows-2026-8-31.htm on 2026-08-31
2026-09-14 09:37:56 [simple] INFO: clashmeta found /free-nodes/clash-meta-windows-2026-8-31.htm on 2026-08-31
2026-09-14 09:37:56 [simple] INFO: clashmeta found /free-nodes/2026-8-30-node-share.htm on 2026-08-30
2026-09-14 09:37:56 [simple] INFO: clashmeta found /free-nodes/2026-8-30-node-share.htm on 2026-08-30
2026-09-14 09:37:56 [simple] INFO: clashmeta found /free-nodes/clash-meta-node-github-2026-8-29.htm on 2026-08-29
2026-09-14 09:37:56 [simple] INFO: clashmeta found /free-nodes/clash-meta-node-github-2026-8-29.htm on 2026-08-29
2026-09-14 09:37:56 [simple] INFO: clashmeta found /free-nodes/2026-8-28-free-clash-meta-node.htm on 2026-08-28
2026-09-14 09:37:56 [simple] INFO: clashmeta found /free-nodes/2026-8-28-free-clash-meta-node.htm on 2026-08-28
2026-09-14 09:37:56 [simple] INFO: clashmeta found /free-nodes/free-node-subscribe-links-2026-8-27.htm on 2026-08-27
2026-09-14 09:37:56 [simple] INFO: clashmeta found /free-nodes/free-node-subscribe-links-2026-8-27.htm on 2026-08-27
2026-09-14 09:37:56 [simple] INFO: clashmeta found /free-nodes/2026-8-26-clash-meta-github.htm on 2026-08-26
2026-09-14 09:37:56 [simple] INFO: clashmeta found /free-nodes/2026-8-26-clash-meta-github.htm on 2026-08-26
2026-09-14 09:37:56 [simple] INFO: clashmeta found /free-nodes/clash-meta-windows-2026-8-25.htm on 2026-08-25
2026-09-14 09:37:56 [simple] INFO: clashmeta found /free-nodes/clash-meta-windows-2026-8-25.htm on 2026-08-25
2026-09-14 09:37:56 [simple] INFO: clashmeta found /free-nodes/2026-8-24-free-clash-meta-node.htm on 2026-08-24
2026-09-14 09:37:56 [simple] INFO: clashmeta found /free-nodes/2026-8-24-free-clash-meta-node.htm on 2026-08-24
2026-09-14 09:37:56 [simple] INFO: clashmeta found /free-nodes/clash-meta-node-github-2026-8-23.htm on 2026-08-23
2026-09-14 09:37:56 [simple] INFO: clashmeta found /free-nodes/clash-meta-node-github-2026-8-23.htm on 2026-08-23
2026-09-14 09:37:56 [simple] INFO: clashmeta found /free-nodes/2026-8-22-clash-meta-github.htm on 2026-08-22
2026-09-14 09:37:56 [simple] INFO: clashmeta found /free-nodes/2026-8-22-clash-meta-github.htm on 2026-08-22
2026-09-14 09:37:56 [simple] INFO: clashmeta found /free-nodes/node-share-links-2026-8-21.htm on 2026-08-21
2026-09-14 09:37:56 [simple] INFO: clashmeta found /free-nodes/node-share-links-2026-8-21.htm on 2026-08-21
2026-09-14 09:37:56 [simple] INFO: clashmeta needs update, accessing https://clash-meta.github.io/free-nodes/latest-clash-meta-node-2026-9-9.htm
2026-09-14 09:37:56 [scrapy.spidermiddlewares.metacopy] WARNING: SimpleSpider yielded a request containing internal meta keys that were likely copied from response.meta and should not be forwarded to new requests: ['download_latency']. See the MetaCopyDetectionMiddleware documentation for more information. Source response: <200 https://clash-meta.github.io/>, target request: <GET https://clash-meta.github.io/free-nodes/latest-clash-meta-node-2026-9-9.htm>
2026-09-14 09:37:56 [simple] INFO: clashmeta needs update, accessing https://clash-meta.github.io/free-nodes/latest-clash-meta-node-2026-9-9.htm
2026-09-14 09:37:56 [simple] INFO: clashmeta needs update, accessing https://clash-meta.github.io/free-nodes/2026-9-8-free-subscribe-node.htm
2026-09-14 09:37:56 [simple] INFO: nodefree needs update, accessing https://nodefree.me/p/3663.html
2026-09-14 09:37:56 [simple] INFO: nodefree needs update, accessing https://nodefree.me/p/3664.html
2026-09-14 09:37:56 [simple] INFO: nodefree needs update, accessing https://nodefree.me/p/3665.html
2026-09-14 09:37:56 [simple] INFO: wenode needs update, accessing https://oneclash.cc/a/3295.html
2026-09-14 09:37:56 [simple] INFO: wenode needs update, accessing https://oneclash.cc/a/3296.html
2026-09-14 09:37:56 [simple] INFO: wenode needs update, accessing https://oneclash.cc/a/3297.html
2026-09-14 09:37:57 [simple] INFO: nodev2ray found /free-node/clash-v2ray-ss-ssr-2026-9-14.htm on 2026-09-14
2026-09-14 09:37:57 [simple] INFO: nodev2ray found /free-node/2026-9-13-free-subscribe-node.htm on 2026-09-13
2026-09-14 09:37:57 [simple] INFO: nodev2ray found /free-node/free-vpn-proxy-2026-9-12.htm on 2026-09-12
2026-09-14 09:37:57 [simple] INFO: nodev2ray found /free-node/2026-9-11-free-subscribe-node.htm on 2026-09-11
2026-09-14 09:37:57 [simple] INFO: nodev2ray found /free-node/free-node-subscribe-2026-9-10.htm on 2026-09-10
2026-09-14 09:37:57 [simple] INFO: nodev2ray found /free-node/2026-9-9-vpn-free.htm on 2026-09-09
2026-09-14 09:37:57 [simple] INFO: nodev2ray found /free-node/clash-node-2026-9-8.htm on 2026-09-08
2026-09-14 09:37:57 [simple] INFO: nodev2ray found /free-node/2026-9-7-shadowrocket-node.htm on 2026-09-07
2026-09-14 09:37:57 [simple] INFO: nodev2ray found /free-node/free-clash-2026-9-6.htm on 2026-09-06
2026-09-14 09:37:57 [simple] INFO: nodev2ray found /free-node/2026-9-5-free-ssr-node.htm on 2026-09-05
2026-09-14 09:37:57 [simple] INFO: nodev2ray found /free-node/free-clash-2026-9-4.htm on 2026-09-04
2026-09-14 09:37:57 [simple] INFO: nodev2ray found /free-node/2026-9-3-shadowrocket-node.htm on 2026-09-03
2026-09-14 09:37:57 [simple] INFO: nodev2ray found /free-node/clash-node-daily-updates-2026-9-2.htm on 2026-09-02
2026-09-14 09:37:57 [simple] INFO: nodev2ray found /free-node/2026-9-1-free-high-speed-nodes.htm on 2026-09-01
2026-09-14 09:37:57 [simple] INFO: nodev2ray found /free-node/2026-8-31-free-clash-subscribe.htm on 2026-08-31
2026-09-14 09:37:57 [simple] INFO: nodev2ray found /free-node/node-share-2026-8-30.htm on 2026-08-30
2026-09-14 09:37:57 [simple] INFO: nodev2ray found /free-node/2026-8-29-free-node-subscribe-links.htm on 2026-08-29
2026-09-14 09:37:57 [simple] INFO: nodev2ray found /free-node/free-vpn-node-2026-8-28.htm on 2026-08-28
2026-09-14 09:37:57 [simple] INFO: nodev2ray found /free-node/2026-8-27-free-node-subscribe-links.htm on 2026-08-27
2026-09-14 09:37:57 [simple] INFO: nodev2ray found /free-node/2026-8-27-free-subscribe-node.htm on 2026-08-27
2026-09-14 09:37:57 [simple] INFO: nodev2ray found /free-node/free-clash-2026-8-26.htm on 2026-08-26
2026-09-14 09:37:57 [simple] INFO: nodev2ray found /free-node/2026-8-25-top-vpn.htm on 2026-08-25
2026-09-14 09:37:57 [simple] INFO: nodev2ray found /free-node/free-vpn-node-2026-8-24.htm on 2026-08-24
2026-09-14 09:37:57 [simple] INFO: nodev2ray found /free-node/2026-8-23-free-node-subscribe-links.htm on 2026-08-23
2026-09-14 09:37:57 [simple] INFO: nodev2ray found /free-node/node-share-2026-8-22.htm on 2026-08-22
2026-09-14 09:37:57 [simple] INFO: nodev2ray found /free-node/2026-8-21-shadowrocket-node.htm on 2026-08-21
2026-09-14 09:37:57 [simple] INFO: nodev2ray needs update, accessing https://nodev2ray.com/news/article-156662.htm
2026-09-14 09:37:57 [simple] INFO: nodev2ray needs update, accessing https://nodev2ray.com/free-node/clash-v2ray-ss-ssr-2026-9-14.htm
2026-09-14 09:37:57 [simple] INFO: nodev2ray needs update, accessing https://nodev2ray.com/news/article-156192.htm
2026-09-14 09:37:57 [simple] INFO: v2rayshare needs update, accessing https://v2rayshare.net/p/5066.html
2026-09-14 09:37:57 [simple] INFO: v2rayshare needs update, accessing https://v2rayshare.net/p/5067.html
2026-09-14 09:37:57 [simple] INFO: v2rayshare needs update, accessing https://v2rayshare.net/p/5068.html
2026-09-14 09:37:57 [simple] INFO: wenode found https://oss.oneclash.cc/2026/09/20260914.txt
2026-09-14 09:37:57 [simple] INFO: wenode found https://oss.oneclash.cc/2026/09/20260914.txt
2026-09-14 09:37:57 [simple] INFO: wenode found https://oss.oneclash.cc/2026/09/20260914.yaml
2026-09-14 09:37:57 [simple] INFO: wenode found https://oss.oneclash.cc/2026/09/m20260914.yaml
2026-09-14 09:37:57 [simple] INFO: nodefree found https://node.nodefree.me/2026/09/20260914.txt
2026-09-14 09:37:57 [simple] INFO: nodefree found https://node.nodefree.me/2026/09/20260914.yaml
2026-09-14 09:37:57 [simple] INFO: nodefree found https://node.nodefree.me/2026/09/m20260914.yaml
2026-09-14 09:37:57 [simple] INFO: v2rayshare found https://static.v2rayshare.net/2026/09/20260914.txt
2026-09-14 09:37:57 [simple] INFO: v2rayshare found https://static.v2rayshare.net/2026/09/20260914.yaml
2026-09-14 09:37:57 [simple] INFO: v2rayshare found https://static.v2rayshare.net/2026/09/m20260914.yaml
2026-09-14 09:37:57 [simple] INFO: yudou66 needs update, accessing https://www.yudou789.top/1875.html
2026-09-14 09:37:57 [simple] INFO: yudou66 needs update, accessing https://www.yudou789.top/1867.html
2026-09-14 09:37:57 [simple] INFO: yudou66 needs update, accessing https://www.yudou789.top/1862.html
2026-09-14 09:37:57 [simple] INFO: nodefree found https://node.nodefree.me/2026/09/20260912.txt
2026-09-14 09:37:57 [simple] INFO: nodefree found https://node.nodefree.me/2026/09/20260912.yaml
2026-09-14 09:37:57 [simple] INFO: nodefree found https://node.nodefree.me/2026/09/m20260912.yaml
2026-09-14 09:37:57 [simple] WARNING: wenode could not parse https://oss.oneclash.cc/2026/09/20260912.txt..., skipping
2026-09-14 09:37:57 [simple] INFO: wenode found https://oss.oneclash.cc/2026/09/20260912.txt
2026-09-14 09:37:57 [simple] INFO: wenode found https://oss.oneclash.cc/2026/09/20260912.yaml
2026-09-14 09:37:57 [simple] INFO: wenode found https://oss.oneclash.cc/2026/09/m20260912.yaml
2026-09-14 09:37:57 [simple] INFO: nodefree found https://node.nodefree.me/2026/09/20260913.txt
2026-09-14 09:37:57 [simple] INFO: nodefree found https://node.nodefree.me/2026/09/20260913.yaml
2026-09-14 09:37:57 [simple] INFO: nodefree found https://node.nodefree.me/2026/09/m20260913.yaml
2026-09-14 09:37:57 [simple] WARNING: wenode could not parse https://oss.oneclash.cc/2026/09/20260913.txt..., skipping
2026-09-14 09:37:57 [simple] INFO: wenode found https://oss.oneclash.cc/2026/09/20260913.txt
2026-09-14 09:37:57 [simple] INFO: wenode found https://oss.oneclash.cc/2026/09/20260913.yaml
2026-09-14 09:37:57 [simple] INFO: wenode found https://oss.oneclash.cc/2026/09/m20260913.yaml
2026-09-14 09:37:57 [simple] INFO: Pipeline got item wenode.yaml
2026-09-14 09:37:57 [simple] INFO: Pipeline processed wenode.yaml
2026-09-14 09:37:59 [simple] INFO: Pipeline got item wenode.txt
2026-09-14 09:37:59 [simple] INFO: Pipeline processed wenode.txt
2026-09-14 09:37:59 [simple] INFO: Pipeline got item wenode.yaml
2026-09-14 09:37:59 [simple] INFO: Pipeline processed wenode.yaml
2026-09-14 09:37:59 [simple] INFO: Pipeline got item nodefree.txt
2026-09-14 09:37:59 [simple] INFO: Pipeline processed nodefree.txt
2026-09-14 09:37:59 [simple] INFO: Pipeline got item nodefree.yaml
2026-09-14 09:37:59 [simple] INFO: Pipeline processed nodefree.yaml
2026-09-14 09:37:59 [simple] INFO: v2rayshare found https://static.v2rayshare.net/2026/09/20260912.txt
2026-09-14 09:37:59 [simple] INFO: v2rayshare found https://static.v2rayshare.net/2026/09/20260912.yaml
2026-09-14 09:37:59 [simple] INFO: v2rayshare found https://static.v2rayshare.net/2026/09/m20260912.yaml
2026-09-14 09:37:59 [simple] INFO: v2rayshare found https://static.v2rayshare.net/2026/09/20260913.txt
2026-09-14 09:37:59 [simple] INFO: v2rayshare found https://static.v2rayshare.net/2026/09/20260913.yaml
2026-09-14 09:37:59 [simple] INFO: v2rayshare found https://static.v2rayshare.net/2026/09/m20260913.yaml
2026-09-14 09:37:59 [simple] INFO: yudou66 found https://hh.yudou226.top/202609/20260914bam6se.txt
2026-09-14 09:37:59 [simple] INFO: yudou66 found https://hh.yudou226.top/202609/20260914meta6a.yaml
2026-09-14 09:37:59 [simple] INFO: nodev2ray found https://node.nodev2ray.com/uploads/2026/09/2-20260914.txt
2026-09-14 09:37:59 [simple] INFO: nodev2ray found https://node.nodev2ray.com/uploads/2026/09/3-20260914.txt
2026-09-14 09:37:59 [simple] INFO: nodev2ray found https://node.nodev2ray.com/uploads/2026/09/0-20260914.yaml
2026-09-14 09:37:59 [simple] INFO: nodev2ray found https://node.nodev2ray.com/uploads/2026/09/1-20260914.yaml
2026-09-14 09:37:59 [simple] INFO: nodev2ray found https://node.nodev2ray.com/uploads/2026/09/2-20260914.yaml
2026-09-14 09:37:59 [simple] INFO: nodev2ray found https://node.nodev2ray.com/uploads/2026/09/3-20260914.yaml
2026-09-14 09:37:59 [simple] INFO: nodev2ray found https://node.nodev2ray.com/uploads/2026/09/4-20260914.yaml
2026-09-14 09:37:59 [simple] WARNING: nodev2ray could not parse https://node.nodev2ray.com/uploads/2026/09/20260914.json, skipping
2026-09-14 09:37:59 [simple] INFO: Pipeline got item wenode.txt
2026-09-14 09:37:59 [simple] INFO: Pipeline processed wenode.txt
2026-09-14 09:37:59 [simple] INFO: Pipeline got item nodefree.yaml
2026-09-14 09:37:59 [simple] INFO: Pipeline processed nodefree.yaml
2026-09-14 09:37:59 [simple] INFO: Pipeline got item wenode.yaml
2026-09-14 09:37:59 [simple] INFO: Pipeline processed wenode.yaml
2026-09-14 09:38:00 [simple] INFO: Pipeline got item wenode.yaml
2026-09-14 09:38:00 [simple] INFO: Pipeline processed wenode.yaml
2026-09-14 09:38:00 [simple] INFO: Pipeline got item nodefree.txt
2026-09-14 09:38:00 [simple] INFO: Pipeline processed nodefree.txt
2026-09-14 09:38:00 [simple] INFO: Pipeline got item nodefree.yaml
2026-09-14 09:38:00 [simple] INFO: Pipeline processed nodefree.yaml
2026-09-14 09:38:00 [simple] INFO: Pipeline got item nodefree.yaml
2026-09-14 09:38:00 [simple] INFO: Pipeline processed nodefree.yaml
2026-09-14 09:38:00 [simple] INFO: Pipeline got item v2rayshare.txt
2026-09-14 09:38:00 [simple] INFO: Pipeline processed v2rayshare.txt
2026-09-14 09:38:00 [simple] INFO: Pipeline got item v2rayshare.yaml
2026-09-14 09:38:00 [simple] INFO: Pipeline processed v2rayshare.yaml
2026-09-14 09:38:00 [simple] INFO: Pipeline got item nodefree.yaml
2026-09-14 09:38:00 [simple] INFO: Pipeline processed nodefree.yaml
2026-09-14 09:38:00 [simple] INFO: Pipeline got item v2rayshare.yaml
2026-09-14 09:38:00 [simple] INFO: Pipeline processed v2rayshare.yaml
2026-09-14 09:38:00 [simple] INFO: Pipeline got item wenode.txt
2026-09-14 09:38:00 [simple] INFO: Pipeline processed wenode.txt
2026-09-14 09:38:00 [simple] INFO: Pipeline got item wenode.yaml
2026-09-14 09:38:00 [simple] INFO: Pipeline processed wenode.yaml
2026-09-14 09:38:00 [simple] INFO: Pipeline got item nodefree.txt
2026-09-14 09:38:00 [simple] INFO: Pipeline processed nodefree.txt
2026-09-14 09:38:00 [simple] INFO: Pipeline got item nodev2ray.txt
2026-09-14 09:38:00 [simple] INFO: Pipeline processed nodev2ray.txt
2026-09-14 09:38:00 [simple] INFO: yudou66 found https://hh.yudou226.top/202609/20260912bk4ase.txt
2026-09-14 09:38:00 [simple] INFO: yudou66 found https://hh.yudou226.top/202609/20260912ms8eta.yaml
2026-09-14 09:38:00 [simple] INFO: yudou66 found https://hh.yudou226.top/202609/20260913ban6se.txt
2026-09-14 09:38:00 [simple] INFO: yudou66 found https://hh.yudou226.top/202609/20260913mn4eta.yaml
2026-09-14 09:38:00 [simple] INFO: Pipeline got item wenode.yaml
2026-09-14 09:38:00 [simple] INFO: Pipeline processed wenode.yaml
2026-09-14 09:38:00 [simple] INFO: Pipeline got item v2rayshare.txt
2026-09-14 09:38:00 [simple] INFO: Pipeline processed v2rayshare.txt
2026-09-14 09:38:00 [simple] INFO: Pipeline got item nodev2ray.txt
2026-09-14 09:38:00 [simple] INFO: Pipeline processed nodev2ray.txt
2026-09-14 09:38:00 [simple] INFO: Pipeline got item nodefree.yaml
2026-09-14 09:38:00 [simple] INFO: Pipeline processed nodefree.yaml
2026-09-14 09:38:00 [simple] INFO: Pipeline got item v2rayshare.yaml
2026-09-14 09:38:00 [simple] INFO: Pipeline processed v2rayshare.yaml
2026-09-14 09:38:00 [simple] INFO: Pipeline got item v2rayshare.yaml
2026-09-14 09:38:00 [simple] INFO: Pipeline processed v2rayshare.yaml
2026-09-14 09:38:00 [simple] INFO: Pipeline got item v2rayshare.yaml
2026-09-14 09:38:00 [simple] INFO: Pipeline processed v2rayshare.yaml
2026-09-14 09:38:00 [simple] INFO: Pipeline got item v2rayshare.yaml
2026-09-14 09:38:00 [simple] INFO: Pipeline processed v2rayshare.yaml
2026-09-14 09:38:00 [simple] INFO: Pipeline got item v2rayshare.txt
2026-09-14 09:38:00 [simple] INFO: Pipeline processed v2rayshare.txt
2026-09-14 09:38:00 [simple] INFO: Pipeline got item nodev2ray.yaml
2026-09-14 09:38:00 [simple] INFO: Pipeline processed nodev2ray.yaml
2026-09-14 09:38:00 [simple] INFO: Pipeline got item nodev2ray.yaml
2026-09-14 09:38:00 [simple] INFO: Pipeline processed nodev2ray.yaml
2026-09-14 09:38:00 [simple] INFO: Pipeline got item yudou66.txt
2026-09-14 09:38:00 [simple] INFO: Pipeline processed yudou66.txt
2026-09-14 09:38:00 [simple] INFO: Pipeline got item nodev2ray.yaml
2026-09-14 09:38:01 [simple] INFO: Pipeline processed nodev2ray.yaml
2026-09-14 09:38:01 [simple] INFO: Pipeline got item nodev2ray.yaml
2026-09-14 09:38:01 [simple] INFO: Pipeline processed nodev2ray.yaml
2026-09-14 09:38:01 [simple] INFO: Pipeline got item yudou66.txt
2026-09-14 09:38:01 [simple] INFO: Pipeline processed yudou66.txt
2026-09-14 09:38:01 [simple] INFO: Pipeline got item yudou66.txt
2026-09-14 09:38:01 [simple] INFO: Pipeline processed yudou66.txt
2026-09-14 09:38:01 [simple] INFO: Pipeline got item nodev2ray.yaml
2026-09-14 09:38:06 [simple] INFO: Pipeline processed nodev2ray.yaml
2026-09-14 09:38:06 [simple] INFO: Pipeline got item yudou66.yaml
2026-09-14 09:38:06 [simple] INFO: Pipeline processed yudou66.yaml
2026-09-14 09:38:07 [simple] INFO: Pipeline got item yudou66.yaml
2026-09-14 09:38:07 [simple] INFO: Pipeline processed yudou66.yaml
2026-09-14 09:38:11 [simple] INFO: Pipeline got item yudou66.yaml
2026-09-14 09:38:11 [simple] INFO: Pipeline processed yudou66.yaml
2026-09-14 09:38:11 [scrapy.core.engine] INFO: Closing spider (finished)
2026-09-14 09:38:11 [scrapy.statscollectors] INFO: Dumping Scrapy stats:
{'downloader/request_bytes': 24971,
 'downloader/request_count': 63,
 'downloader/request_method_count/GET': 63,
 'downloader/response_bytes': 5476665,
 'downloader/response_count': 63,
 'downloader/response_status_count/200': 63,
 'dupefilter/filtered': 2,
 'elapsed_time_seconds': 15.030078352000004,
 'finish_reason': 'finished',
 'finish_time': datetime.datetime(2026, 9, 14, 9, 38, 11, 383487, tzinfo=datetime.timezone.utc),
 'httpcompression/response_bytes': 3101693,
 'httpcompression/response_count': 37,
 'item_scraped_count': 40,
 'items_per_minute': 160.0,
 'log_count/INFO': 215,
 'log_count/WARNING': 4,
 'memusage/max': 192000000,
 'memusage/startup': 192000000,
 'request_depth_max': 2,
 'response_received_count': 63,
 'responses_per_minute': 252.0,
 'scheduler/dequeued': 63,
 'scheduler/dequeued/memory': 63,
 'scheduler/enqueued': 63,
 'scheduler/enqueued/memory': 63,
 'start_time': datetime.datetime(2026, 9, 14, 9, 37, 56, 353409, tzinfo=datetime.timezone.utc)}
2026-09-14 09:38:11 [scrapy.core.engine] INFO: Spider closed (finished)
2026-09-14 09:38:26 [scrapy.addons] INFO: Enabled addons:
[]
2026-09-14 09:38:26 [scrapy.extensions.telnet] INFO: Telnet Password: e20277a358ab86c8
2026-09-14 09:38:26 [scrapy.middleware] INFO: Enabled extensions:
['scrapy.extensions.corestats.CoreStats',
 'scrapy.extensions.logcount.LogCount',
 'scrapy.extensions.telnet.TelnetConsole',
 'scrapy.extensions.memusage.MemoryUsage',
 'scrapy.extensions.logstats.LogStats',
 'scrapy.extensions.remote_control.RemoteControl']
2026-09-14 09:38:26 [scrapy.crawler] INFO: Overridden settings:
{'BOT_NAME': 'NodeScrapy',
 'DOWNLOAD_TIMEOUT': 30,
 'FEED_EXPORT_ENCODING': 'utf-8',
 'LOG_FILE': 'scrapy.log',
 'LOG_LEVEL': 'INFO',
 'NEWSPIDER_MODULE': 'NodeScrapy.spiders',
 'RETRY_TIMES': 1,
 'SPIDER_MODULES': ['NodeScrapy.spiders']}
2026-09-14 09:38:26 [scrapy.middleware] INFO: Enabled downloader middlewares:
['scrapy.downloadermiddlewares.offsite.OffsiteMiddleware',
 'scrapy.downloadermiddlewares.httpauth.HttpAuthMiddleware',
 'scrapy.downloadermiddlewares.downloadtimeout.DownloadTimeoutMiddleware',
 'scrapy.downloadermiddlewares.defaultheaders.DefaultHeadersMiddleware',
 'NodeScrapy.middlewares.RandomUserAgentMiddleware',
 'scrapy.downloadermiddlewares.useragent.UserAgentMiddleware',
 'scrapy.downloadermiddlewares.retry.RetryMiddleware',
 'scrapy.downloadermiddlewares.redirect.MetaRefreshMiddleware',
 'scrapy.downloadermiddlewares.httpcompression.HttpCompressionMiddleware',
 'scrapy.downloadermiddlewares.redirect.RedirectMiddleware',
 'scrapy.downloadermiddlewares.cookies.CookiesMiddleware',
 'scrapy.downloadermiddlewares.httpproxy.HttpProxyMiddleware',
 'scrapy.downloadermiddlewares.stats.DownloaderStats']
2026-09-14 09:38:26 [py.warnings] WARNING: /opt/hostedtoolcache/Python/3.12.14/x64/lib/python3.12/site-packages/scrapy/core/downloader/middleware.py:46: ScrapyDeprecationWarning: RandomUserAgentMiddleware.process_request() requires a spider argument, this is deprecated and the argument will not be passed in future Scrapy versions. If you need to access the spider instance you can save the crawler instance passed to from_crawler() and use its spider attribute.
  self._check_mw_method_spider_arg(mw.process_request)

2026-09-14 09:38:26 [scrapy.middleware] INFO: Enabled spider middlewares:
['scrapy.spidermiddlewares.start.StartSpiderMiddleware',
 'scrapy.spidermiddlewares.httperror.HttpErrorMiddleware',
 'scrapy.spidermiddlewares.referer.RefererMiddleware',
 'scrapy.spidermiddlewares.urllength.UrlLengthMiddleware',
 'scrapy.spidermiddlewares.depth.DepthMiddleware',
 'scrapy.spidermiddlewares.metacopy.MetaCopyDetectionMiddleware']
2026-09-14 09:38:26 [scrapy.middleware] INFO: Enabled item pipelines:
['NodeScrapy.pipelines.Pipeline']
2026-09-14 09:38:26 [py.warnings] WARNING: /opt/hostedtoolcache/Python/3.12.14/x64/lib/python3.12/site-packages/scrapy/pipelines/__init__.py:60: ScrapyDeprecationWarning: Pipeline.open_spider() requires a spider argument, this is deprecated and the argument will not be passed in future Scrapy versions. If you need to access the spider instance you can save the crawler instance passed to from_crawler() and use its spider attribute.
  self._check_mw_method_spider_arg(mw.open_spider)

2026-09-14 09:38:26 [py.warnings] WARNING: /opt/hostedtoolcache/Python/3.12.14/x64/lib/python3.12/site-packages/scrapy/pipelines/__init__.py:63: ScrapyDeprecationWarning: Pipeline.close_spider() requires a spider argument, this is deprecated and the argument will not be passed in future Scrapy versions. If you need to access the spider instance you can save the crawler instance passed to from_crawler() and use its spider attribute.
  self._check_mw_method_spider_arg(mw.close_spider)

2026-09-14 09:38:26 [py.warnings] WARNING: /opt/hostedtoolcache/Python/3.12.14/x64/lib/python3.12/site-packages/scrapy/pipelines/__init__.py:66: ScrapyDeprecationWarning: Pipeline.process_item() requires a spider argument, this is deprecated and the argument will not be passed in future Scrapy versions. If you need to access the spider instance you can save the crawler instance passed to from_crawler() and use its spider attribute.
  self._check_mw_method_spider_arg(mw.process_item)

2026-09-14 09:38:26 [scrapy.core.engine] INFO: Spider opened
2026-09-14 09:38:26 [decrypt] INFO: Pipeline removed stale nodes/blues.txt
2026-09-14 09:38:26 [decrypt] INFO: Pipeline removed stale nodes/blues.yaml
2026-09-14 09:38:26 [scrapy.extensions.logstats] INFO: Crawled 0 pages (at 0 pages/min), scraped 0 items (at 0 items/min)
2026-09-14 09:38:26 [scrapy.extensions.telnet] INFO: Telnet console listening on 127.0.0.1:6023
2026-09-14 09:38:26 [scrapy.extensions.remote_control] INFO: Remote control HTTP server listening on port 45297 (job 2149-e57bf3ed3d3e47a683010eaf523a911a)
2026-09-14 09:38:26 [decrypt] INFO: blues start
2026-09-14 09:38:27 [scrapy.downloadermiddlewares.retry] ERROR: Gave up retrying <GET https://www.google.com/sorry/index?continue=https://blues2022.blogspot.com/&q=EgQUrG91GJKBn9UGIi0ZzkSbyJ6sPWvsZf225Zw-jbbFl5xWesFarCiKHPQfJ3XjgW4bJE_CPSKfbBQyAnJSWgFD> (failed 2 times): 429 Unknown Status
2026-09-14 09:38:27 [scrapy.spidermiddlewares.httperror] INFO: Ignoring response <429 https://www.google.com/sorry/index?continue=https://blues2022.blogspot.com/&q=EgQUrG91GJKBn9UGIi0ZzkSbyJ6sPWvsZf225Zw-jbbFl5xWesFarCiKHPQfJ3XjgW4bJE_CPSKfbBQyAnJSWgFD>: HTTP status code is not handled or not allowed
2026-09-14 09:38:27 [scrapy.core.engine] INFO: Closing spider (finished)
2026-09-14 09:38:27 [scrapy.statscollectors] INFO: Dumping Scrapy stats:
{'downloader/request_bytes': 1276,
 'downloader/request_count': 3,
 'downloader/request_method_count/GET': 3,
 'downloader/response_bytes': 7889,
 'downloader/response_count': 3,
 'downloader/response_status_count/302': 1,
 'downloader/response_status_count/429': 2,
 'elapsed_time_seconds': 0.9799817539999935,
 'finish_reason': 'finished',
 'finish_time': datetime.datetime(2026, 9, 14, 9, 38, 27, 628217, tzinfo=datetime.timezone.utc),
 'httperror/response_ignored_count': 1,
 'httperror/response_ignored_status_count/429': 1,
 'items_per_minute': None,
 'log_count/ERROR': 1,
 'log_count/INFO': 6,
 'memusage/max': 192262144,
 'memusage/startup': 192262144,
 'response_received_count': 1,
 'responses_per_minute': None,
 'retry/count': 1,
 'retry/max_reached': 1,
 'retry/reason_count/429 Unknown Status': 1,
 'scheduler/dequeued': 3,
 'scheduler/dequeued/memory': 3,
 'scheduler/enqueued': 3,
 'scheduler/enqueued/memory': 3,
 'start_time': datetime.datetime(2026, 9, 14, 9, 38, 26, 648237, tzinfo=datetime.timezone.utc)}
2026-09-14 09:38:27 [scrapy.core.engine] INFO: Spider closed (finished)
